// Jest Snapshot v1, https://goo.gl/fbAQLP

exports[`snapshot sample 1`] = `
<div>
  <form>
    <input
      id="name"
      type="text"
      value=""
    />
    <button
      type="submit"
    >
      submit
    </button>
  </form>
</div>
`;
